
Memory Configuration

Name             Origin             Length             Attributes
FLASH            0x08000000         0x00010000         xr
RAM              0x20000000         0x00005000         xrw
*default*        0x00000000         0xffffffff

Linker script and memory map

LOAD Output/main.o
LOAD Output/GPIO.o
LOAD Output/startup_stm32f10x_md.o

.text           0x08000000      0x298
 *(.isr_vector)
 .isr_vector    0x08000000       0xec Output/startup_stm32f10x_md.o
 *(.text*)
 .text          0x080000ec       0x7c Output/main.o
                0x0800010e                main
 .text          0x08000168       0xea Output/GPIO.o
                0x08000168                GPIO_Init
                0x08000214                GPIO_WritePin
 .text          0x08000252        0x0 Output/startup_stm32f10x_md.o
 *fill*         0x08000252        0x2 
 .text.Reset_Handler
                0x08000254       0x40 Output/startup_stm32f10x_md.o
                0x08000254                Reset_Handler
 .text.Default_Handler
                0x08000294        0x4 Output/startup_stm32f10x_md.o
                0x08000296                EXTI2_IRQHandler
                0x08000296                DebugMon_Handler
                0x08000296                TIM1_CC_IRQHandler
                0x08000296                HardFault_Handler
                0x08000296                SysTick_Handler
                0x08000296                PVD_IRQHandler
                0x08000296                PendSV_Handler
                0x08000296                NMI_Handler
                0x08000296                EXTI3_IRQHandler
                0x08000296                USB_HP_CAN_TX_IRQHandler
                0x08000296                EXTI0_IRQHandler
                0x08000296                I2C2_EV_IRQHandler
                0x08000296                UsageFault_Handler
                0x08000296                ADC1_2_IRQHandler
                0x08000296                SPI1_IRQHandler
                0x08000296                CAN_SCE_IRQHandler
                0x08000296                TAMPER_IRQHandler
                0x08000296                DMA1_Channel4_IRQHandler
                0x08000296                USART3_IRQHandler
                0x08000296                RTC_IRQHandler
                0x08000296                DMA1_Channel7_IRQHandler
                0x08000296                TIM4_IRQHandler
                0x08000296                CAN_RX1_IRQHandler
                0x08000296                I2C1_EV_IRQHandler
                0x08000296                DMA1_Channel6_IRQHandler
                0x08000296                TIM3_IRQHandler
                0x08000296                RCC_IRQHandler
                0x08000296                TIM1_TRG_COM_IRQHandler
                0x08000296                DMA1_Channel1_IRQHandler
                0x08000296                EXTI15_10_IRQHandler
                0x08000296                EXTI9_5_IRQHandler
                0x08000296                SPI2_IRQHandler
                0x08000296                USB_LP_CAN_RX0_IRQHandler
                0x08000296                MemManage_Handler
                0x08000296                SVC_Handler
                0x08000296                DMA1_Channel5_IRQHandler
                0x08000296                EXTI4_IRQHandler
                0x08000296                DMA1_Channel3_IRQHandler
                0x08000296                TIM1_UP_IRQHandler
                0x08000296                WWDG_IRQHandler
                0x08000296                TIM2_IRQHandler
                0x08000296                TIM1_BRK_IRQHandler
                0x08000296                EXTI1_IRQHandler
                0x08000296                RTCAlarm_IRQHandler
                0x08000296                USART2_IRQHandler
                0x08000296                I2C2_ER_IRQHandler
                0x08000296                DMA1_Channel2_IRQHandler
                0x08000296                FLASH_IRQHandler
                0x08000296                BusFault_Handler
                0x08000296                USART1_IRQHandler
                0x08000296                I2C1_ER_IRQHandler
                0x08000296                USBWakeUp_IRQHandler
 *(.rodata*)
                0x08000298                _etext = .

.glue_7         0x08000298        0x0
 .glue_7        0x08000298        0x0 linker stubs

.glue_7t        0x08000298        0x0
 .glue_7t       0x08000298        0x0 linker stubs

.vfp11_veneer   0x08000298        0x0
 .vfp11_veneer  0x08000298        0x0 linker stubs

.v4_bx          0x08000298        0x0
 .v4_bx         0x08000298        0x0 linker stubs

.iplt           0x08000298        0x0
 .iplt          0x08000298        0x0 Output/main.o

.rel.dyn        0x08000298        0x0
 .rel.iplt      0x08000298        0x0 Output/main.o

.data           0x20000000        0x0 load address 0x08000298
                0x20000000                _sdata = .
 *(.data*)
 .data          0x20000000        0x0 Output/main.o
 .data          0x20000000        0x0 Output/GPIO.o
 .data          0x20000000        0x0 Output/startup_stm32f10x_md.o
                0x20000000                _edata = .

.igot.plt       0x20000000        0x0 load address 0x08000298
 .igot.plt      0x20000000        0x0 Output/main.o

.bss            0x20000000        0x0 load address 0x08000298
                0x20000000                _sbss = .
 *(.bss*)
 .bss           0x20000000        0x0 Output/main.o
 .bss           0x20000000        0x0 Output/GPIO.o
 .bss           0x20000000        0x0 Output/startup_stm32f10x_md.o
 *(COMMON)
                0x20000000                _ebss = .

._user_stack    0x20000000        0x0
                0x20000000                . = ALIGN (0x8)
                0x20005000                _estack = (ORIGIN (RAM) + LENGTH (RAM))
                0x08000298                _sidata = LOADADDR (.data)
OUTPUT(Output/GPIO.elf elf32-littlearm)
LOAD linker stubs

.comment        0x00000000       0x49
 .comment       0x00000000       0x49 Output/main.o
                                 0x4a (size before relaxing)
 .comment       0x00000049       0x4a Output/GPIO.o

.ARM.attributes
                0x00000000       0x2b
 .ARM.attributes
                0x00000000       0x2d Output/main.o
 .ARM.attributes
                0x0000002d       0x2d Output/GPIO.o
 .ARM.attributes
                0x0000005a       0x21 Output/startup_stm32f10x_md.o
